http://marklogic.com/xdmp/privileges/add-query-rolesets
http://marklogic.com/xdmp/privileges/admin-database
http://marklogic.com/xdmp/privileges/admin-default-read
http://marklogic.com/xdmp/privileges/admin-forest
http://marklogic.com/xdmp/privileges/admin-host
http://marklogic.com/xdmp/privileges/admin-app-server
http://marklogic.com/xdmp/privileges/admin-app-server-security
http://marklogic.com/xdmp/privileges/admin-group
http://marklogic.com/xdmp/privileges/admin-group-security
http://marklogic.com/xdmp/privileges/admin-cluster
http://marklogic.com/xdmp/privileges/admin-mimetype
http://marklogic.com/xdmp/privileges/admin-module-read
http://marklogic.com/xdmp/privileges/admin-module-write
http://marklogic.com/xdmp/privileges/admin-ui
http://marklogic.com/xdmp/privileges/amp-add-roles
http://marklogic.com/xdmp/privileges/amp-change-database
http://marklogic.com/xdmp/privileges/amp-get-roles
http://marklogic.com/xdmp/privileges/amp-remove-roles
http://marklogic.com/xdmp/privileges/amp-set-roles
http://marklogic.com/xdmp/privileges/any-collection
http://marklogic.com/xdmp/privileges/any-transaction-locks
http://marklogic.com/xdmp/privileges/any-uri
http://marklogic.com/xdmp/privileges/app-builder
http://marklogic.com/xdmp/privileges/appservices-cache-server-fields
http://marklogic.com/xdmp/privileges/cancel-any-requests
http://marklogic.com/xdmp/privileges/cancel-my-requests
http://marklogic.com/xdmp/privileges/clang:read
http://marklogic.com/xdmp/privileges/clang:write
http://marklogic.com/xdmp/privileges/collection-add-permissions
http://marklogic.com/xdmp/privileges/collection-get-permissions
http://marklogic.com/xdmp/privileges/collection-remove-permissions
http://marklogic.com/xdmp/privileges/collection-set-permissions
http://marklogic.com/xdmp/privileges/compartment-get-roles
http://marklogic.com/xdmp/privileges/complete-any-transactions
http://marklogic.com/xdmp/privileges/complete-my-transactions
http://marklogic.com/xdmp/privileges/count-builtins
http://marklogic.com/xdmp/privileges/create-amp
http://marklogic.com/xdmp/privileges/create-credential
http://marklogic.com/xdmp/privileges/create-domain
http://marklogic.com/xdmp/privileges/create-external-security
http://marklogic.com/xdmp/privileges/create-pipeline
http://marklogic.com/xdmp/privileges/create-privilege
http://marklogic.com/xdmp/privileges/create-role
http://marklogic.com/xdmp/privileges/create-trigger
http://marklogic.com/xdmp/privileges/create-user
http://marklogic.com/xdmp/privileges/credential-get-certificate
http://marklogic.com/xdmp/privileges/credential-get-description
http://marklogic.com/xdmp/privileges/credential-get-id
http://marklogic.com/xdmp/privileges/credential-get-password
http://marklogic.com/xdmp/privileges/credential-get-permissions
http://marklogic.com/xdmp/privileges/credential-get-private-key
http://marklogic.com/xdmp/privileges/credential-get-signing
http://marklogic.com/xdmp/privileges/credential-get-targets
http://marklogic.com/xdmp/privileges/credential-get-username
http://marklogic.com/xdmp/privileges/credential-set-certificate
http://marklogic.com/xdmp/privileges/credential-set-description
http://marklogic.com/xdmp/privileges/credential-set-name
http://marklogic.com/xdmp/privileges/credential-set-password
http://marklogic.com/xdmp/privileges/credential-set-permissions
http://marklogic.com/xdmp/privileges/credential-set-signing
http://marklogic.com/xdmp/privileges/credential-set-targets
http://marklogic.com/xdmp/privileges/credential-set-username
http://marklogic.com/xdmp/privileges/credentials-get-aws
http://marklogic.com/xdmp/privileges/credentials-set-aws
http://marklogic.com/xdmp/privileges/cts-write-dictionary
http://marklogic.com/xdmp/privileges/database-node-query-rolesets
http://marklogic.com/xdmp/privileges/debug-any-requests
http://marklogic.com/xdmp/privileges/debug-my-requests
http://marklogic.com/xdmp/privileges/dls-admin
http://marklogic.com/xdmp/privileges/dls-user
http://marklogic.com/xdmp/privileges/ec2-http-protected
http://marklogic.com/xdmp/privileges/environment-ui
http://marklogic.com/xdmp/privileges/external-security-clear-cache
http://marklogic.com/xdmp/privileges/external-security-get-authentication
http://marklogic.com/xdmp/privileges/external-security-get-authorization
http://marklogic.com/xdmp/privileges/external-security-get-cache-timeout
http://marklogic.com/xdmp/privileges/external-security-get-description
http://marklogic.com/xdmp/privileges/external-security-get-http-option
http://marklogic.com/xdmp/privileges/external-security-get-ldap-attribute
http://marklogic.com/xdmp/privileges/external-security-get-ldap-base
http://marklogic.com/xdmp/privileges/external-security-get-ldap-bind-method
http://marklogic.com/xdmp/privileges/external-security-get-ldap-default-user
http://marklogic.com/xdmp/privileges/external-security-get-ldap-member-attribute
http://marklogic.com/xdmp/privileges/external-security-get-ldap-memberof-attribute
http://marklogic.com/xdmp/privileges/external-security-get-ldap-server-uri
http://marklogic.com/xdmp/privileges/external-security-get-saml-attribute-names
http://marklogic.com/xdmp/privileges/external-security-get-saml-entity-id
http://marklogic.com/xdmp/privileges/external-security-get-saml-privilege-attribute-name
http://marklogic.com/xdmp/privileges/external-security-get-ssl-client-certificate-authorities
http://marklogic.com/xdmp/privileges/external-security-get-ssl-require-client-certificate
http://marklogic.com/xdmp/privileges/external-security-set-authentication
http://marklogic.com/xdmp/privileges/external-security-set-authorization
http://marklogic.com/xdmp/privileges/external-security-set-cache-timeout
http://marklogic.com/xdmp/privileges/external-security-set-description
http://marklogic.com/xdmp/privileges/external-security-set-http-options
http://marklogic.com/xdmp/privileges/external-security-set-ldap-attribute
http://marklogic.com/xdmp/privileges/external-security-set-ldap-base
http://marklogic.com/xdmp/privileges/external-security-set-ldap-bind-method
http://marklogic.com/xdmp/privileges/external-security-set-ldap-default-user
http://marklogic.com/xdmp/privileges/external-security-set-ldap-member-attribute
http://marklogic.com/xdmp/privileges/external-security-set-ldap-memberof-attribute
http://marklogic.com/xdmp/privileges/external-security-set-ldap-password
http://marklogic.com/xdmp/privileges/external-security-set-ldap-server-uri
http://marklogic.com/xdmp/privileges/external-security-set-name
http://marklogic.com/xdmp/privileges/external-security-set-saml-attribute-names
http://marklogic.com/xdmp/privileges/external-security-set-saml-entity-id
http://marklogic.com/xdmp/privileges/external-security-set-saml-privilege-attribute-name
http://marklogic.com/xdmp/privileges/external-security-set-ssl-client-certificate-authorities
http://marklogic.com/xdmp/privileges/external-security-set-ssl-require-client-certificate
http://marklogic.com/xdmp/privileges/flexrep-admin
http://marklogic.com/xdmp/privileges/flexrep-internal
http://marklogic.com/xdmp/privileges/flexrep-user
http://marklogic.com/xdmp/privileges/forget-any-xa-transactions
http://marklogic.com/xdmp/privileges/forget-my-xa-transactions
http://marklogic.com/xdmp/privileges/get-amp
http://marklogic.com/xdmp/privileges/get-an-admin-user-id
http://marklogic.com/xdmp/privileges/get-appserver-logs
http://marklogic.com/xdmp/privileges/get-compartments
http://marklogic.com/xdmp/privileges/get-credential
http://marklogic.com/xdmp/privileges/get-credential-by-id
http://marklogic.com/xdmp/privileges/get-credential-ids
http://marklogic.com/xdmp/privileges/get-credential-names
http://marklogic.com/xdmp/privileges/get-credentials-encoded-kek
http://marklogic.com/xdmp/privileges/get-logs
http://marklogic.com/xdmp/privileges/get-privilege
http://marklogic.com/xdmp/privileges/get-role-ids
http://marklogic.com/xdmp/privileges/get-role-names
http://marklogic.com/xdmp/privileges/get-saml-entity-ids
http://marklogic.com/xdmp/privileges/get-system-logs
http://marklogic.com/xdmp/privileges/get-taskserver-logs
http://marklogic.com/xdmp/privileges/get-user-names
http://marklogic.com/xdmp/privileges/grant-all-roles
http://marklogic.com/xdmp/privileges/grant-my-roles
http://marklogic.com/xdmp/privileges/hadoop-user-read
http://marklogic.com/xdmp/privileges/hadoop-user-write
http://marklogic.com/xdmp/privileges/healthcheck
http://marklogic.com/xdmp/privileges/infostudio
http://marklogic.com/xdmp/privileges/java
http://marklogic.com/xdmp/privileges/manage
http://marklogic.com/xdmp/privileges/manage-admin
http://marklogic.com/xdmp/privileges/my-transaction-locks
http://marklogic.com/xdmp/privileges/native-plugin
http://marklogic.com/xdmp/privileges/node-query-rolesets
http://marklogic.com/xdmp/privileges/odbc:eval
http://marklogic.com/xdmp/privileges/odbc:eval-in
http://marklogic.com/xdmp/privileges/odbc:eval-modules-change
http://marklogic.com/xdmp/privileges/odbc:eval-modules-change-file
http://marklogic.com/xdmp/privileges/odbc:insert
http://marklogic.com/xdmp/privileges/odbc:insert-in
http://marklogic.com/xdmp/privileges/odbc:invoke
http://marklogic.com/xdmp/privileges/odbc:invoke-in
http://marklogic.com/xdmp/privileges/odbc:invoke-modules-change
http://marklogic.com/xdmp/privileges/odbc:invoke-modules-change-file
http://marklogic.com/xdmp/privileges/odbc:spawn
http://marklogic.com/xdmp/privileges/odbc:spawn-in
http://marklogic.com/xdmp/privileges/odbc:spawn-modules-change
http://marklogic.com/xdmp/privileges/odbc:spawn-modules-change-file
http://marklogic.com/xdmp/privileges/opsdir-admin
http://marklogic.com/xdmp/privileges/opsdir-data-internal
http://marklogic.com/xdmp/privileges/opsdir-license-admin
http://marklogic.com/xdmp/privileges/opsdir-user
http://marklogic.com/xdmp/privileges/path-add-permissions
http://marklogic.com/xdmp/privileges/path-get-permissions
http://marklogic.com/xdmp/privileges/path-remove-permissions
http://marklogic.com/xdmp/privileges/path-set-permissions
http://marklogic.com/xdmp/privileges/pki
http://marklogic.com/xdmp/privileges/plugin-register
http://marklogic.com/xdmp/privileges/plugin-server-fields
http://marklogic.com/xdmp/privileges/prepare-any-xa-transactions
http://marklogic.com/xdmp/privileges/prepare-my-xa-transactions
http://marklogic.com/xdmp/privileges/privilege-add-roles
http://marklogic.com/xdmp/privileges/privilege-get-roles
http://marklogic.com/xdmp/privileges/privilege-remove-roles
http://marklogic.com/xdmp/privileges/privilege-set-name
http://marklogic.com/xdmp/privileges/privilege-set-roles
http://marklogic.com/xdmp/privileges/profile-any-requests
http://marklogic.com/xdmp/privileges/profile-my-requests
http://marklogic.com/xdmp/privileges/protect-collection
http://marklogic.com/xdmp/privileges/protect-path
http://marklogic.com/xdmp/privileges/qconsole
http://marklogic.com/xdmp/privileges/redaction-user
http://marklogic.com/xdmp/privileges/remove-amp
http://marklogic.com/xdmp/privileges/remove-credential
http://marklogic.com/xdmp/privileges/remove-credential-by-id
http://marklogic.com/xdmp/privileges/remove-external-security
http://marklogic.com/xdmp/privileges/remove-path
http://marklogic.com/xdmp/privileges/remove-privilege
http://marklogic.com/xdmp/privileges/remove-query-rolesets
http://marklogic.com/xdmp/privileges/remove-role
http://marklogic.com/xdmp/privileges/remove-role-from-amps
http://marklogic.com/xdmp/privileges/remove-role-from-privileges
http://marklogic.com/xdmp/privileges/remove-role-from-roles
http://marklogic.com/xdmp/privileges/remove-role-from-users
http://marklogic.com/xdmp/privileges/remove-user
http://marklogic.com/xdmp/privileges/rest-admin
http://marklogic.com/xdmp/privileges/rest-reader
http://marklogic.com/xdmp/privileges/rest-tracer
http://marklogic.com/xdmp/privileges/rest-writer
http://marklogic.com/xdmp/privileges/role-add-roles
http://marklogic.com/xdmp/privileges/role-exists
http://marklogic.com/xdmp/privileges/role-get-compartment
http://marklogic.com/xdmp/privileges/role-get-default-collections
http://marklogic.com/xdmp/privileges/role-get-default-permissions
http://marklogic.com/xdmp/privileges/role-get-description
http://marklogic.com/xdmp/privileges/role-get-external-names
http://marklogic.com/xdmp/privileges/role-get-roles
http://marklogic.com/xdmp/privileges/role-privileges
http://marklogic.com/xdmp/privileges/role-remove-roles
http://marklogic.com/xdmp/privileges/role-set-default-collections
http://marklogic.com/xdmp/privileges/role-set-default-permissions
http://marklogic.com/xdmp/privileges/role-set-description
http://marklogic.com/xdmp/privileges/role-set-external-names
http://marklogic.com/xdmp/privileges/role-set-name
http://marklogic.com/xdmp/privileges/role-set-roles
http://marklogic.com/xdmp/privileges/saml-entity-delete
http://marklogic.com/xdmp/privileges/saml-entity-insert
http://marklogic.com/xdmp/privileges/sem:sparql
http://marklogic.com/xdmp/privileges/sem:sparql-update
http://marklogic.com/xdmp/privileges/set-any-time-limit
http://marklogic.com/xdmp/privileges/set-any-transaction-name
http://marklogic.com/xdmp/privileges/set-any-transaction-time-limit
http://marklogic.com/xdmp/privileges/set-my-time-limit
http://marklogic.com/xdmp/privileges/set-my-transaction-name
http://marklogic.com/xdmp/privileges/set-my-transaction-time-limit
http://marklogic.com/xdmp/privileges/status-builtins
http://marklogic.com/xdmp/privileges/temporal-admin
http://marklogic.com/xdmp/privileges/temporal-internal
http://marklogic.com/xdmp/privileges/temporal-document-protect
http://marklogic.com/xdmp/privileges/temporal:document-wipe
http://marklogic.com/xdmp/privileges/temporal:set-lsqt-automation
http://marklogic.com/xdmp/privileges/temporal:set-use-lsqt
http://marklogic.com/xdmp/privileges/temporal:statement-set-system-time
http://marklogic.com/xdmp/privileges/term-query
http://marklogic.com/xdmp/privileges/database-create-sub-database
http://marklogic.com/xdmp/privileges/database-create-super-database
http://marklogic.com/xdmp/privileges/database-delete-sub-database
http://marklogic.com/xdmp/privileges/database-delete-super-database
http://marklogic.com/xdmp/privileges/database-partition-numbers
http://marklogic.com/xdmp/privileges/database-partitions
http://marklogic.com/xdmp/privileges/forest-combine
http://marklogic.com/xdmp/privileges/forest-migrate
http://marklogic.com/xdmp/privileges/partition-create
http://marklogic.com/xdmp/privileges/partition-delete
http://marklogic.com/xdmp/privileges/partition-delete-query
http://marklogic.com/xdmp/privileges/partition-forests
http://marklogic.com/xdmp/privileges/partition-get-exclusion-enabled
http://marklogic.com/xdmp/privileges/partition-get-query
http://marklogic.com/xdmp/privileges/partition-migrate
http://marklogic.com/xdmp/privileges/partition-number-forests
http://marklogic.com/xdmp/privileges/partition-queries
http://marklogic.com/xdmp/privileges/partition-resize
http://marklogic.com/xdmp/privileges/partition-set-availability
http://marklogic.com/xdmp/privileges/partition-set-exclusion-enabled
http://marklogic.com/xdmp/privileges/partition-set-query
http://marklogic.com/xdmp/privileges/partition-set-updates-allowed
http://marklogic.com/xdmp/privileges/partition-transfer
http://marklogic.com/xdmp/privileges/unprotect-collection
http://marklogic.com/xdmp/privileges/unprotect-path
http://marklogic.com/xdmp/privileges/unprotected-collections
http://marklogic.com/xdmp/privileges/unprotected-uri
http://marklogic.com/xdmp/privileges/user-add-roles
http://marklogic.com/xdmp/privileges/user-exists
http://marklogic.com/xdmp/privileges/user-get-default-collections
http://marklogic.com/xdmp/privileges/user-get-default-permissions
http://marklogic.com/xdmp/privileges/user-get-description
http://marklogic.com/xdmp/privileges/user-get-external-names
http://marklogic.com/xdmp/privileges/user-get-password-extra
http://marklogic.com/xdmp/privileges/user-get-roles
http://marklogic.com/xdmp/privileges/user-privileges
http://marklogic.com/xdmp/privileges/user-remove-roles
http://marklogic.com/xdmp/privileges/user-set-default-collections
http://marklogic.com/xdmp/privileges/user-set-default-permissions
http://marklogic.com/xdmp/privileges/user-set-description
http://marklogic.com/xdmp/privileges/user-set-external-names
http://marklogic.com/xdmp/privileges/user-set-name
http://marklogic.com/xdmp/privileges/user-set-password
http://marklogic.com/xdmp/privileges/user-set-password-extra
http://marklogic.com/xdmp/privileges/user-set-roles
http://marklogic.com/xdmp/privileges/view-create
http://marklogic.com/xdmp/privileges/view-schema-create
http://marklogic.com/xdmp/privileges/xdbc-eval
http://marklogic.com/xdmp/privileges/xdbc-eval-in
http://marklogic.com/xdmp/privileges/xdbc-eval-modules-change
http://marklogic.com/xdmp/privileges/xdbc-eval-modules-change-file
http://marklogic.com/xdmp/privileges/xdbc-insert
http://marklogic.com/xdmp/privileges/xdbc-insert-in
http://marklogic.com/xdmp/privileges/xdbc-invoke
http://marklogic.com/xdmp/privileges/xdbc-invoke-in
http://marklogic.com/xdmp/privileges/xdbc-invoke-modules-change
http://marklogic.com/xdmp/privileges/xdbc-invoke-modules-change-file
http://marklogic.com/xdmp/privileges/xdbc-spawn
http://marklogic.com/xdmp/privileges/xdbc-spawn-in
http://marklogic.com/xdmp/privileges/xdbc-spawn-modules-change
http://marklogic.com/xdmp/privileges/xdbc-spawn-modules-change-file
http://marklogic.com/xdmp/privileges/xdmp-add-response-header
http://marklogic.com/xdmp/privileges/xdmp-address-bindable
http://marklogic.com/xdmp/privileges/xdmp-alert-admin
http://marklogic.com/xdmp/privileges/xdmp-alert-internal
http://marklogic.com/xdmp/privileges/xdmp-alert-user
http://marklogic.com/xdmp/privileges/xdmp-amp-roles
http://marklogic.com/xdmp/privileges/xdmp-binary-join
http://marklogic.com/xdmp/privileges/xdmp-compressed-tree-cache-partitions
http://marklogic.com/xdmp/privileges/xdmp-compressed-tree-cache-size
http://marklogic.com/xdmp/privileges/xdmp-data-directory
http://marklogic.com/xdmp/privileges/xdmp-database-backup
http://marklogic.com/xdmp/privileges/xdmp-database-backup-cancel
http://marklogic.com/xdmp/privileges/xdmp-database-backup-purge
http://marklogic.com/xdmp/privileges/xdmp-database-backup-status
http://marklogic.com/xdmp/privileges/xdmp-database-backup-validate
http://marklogic.com/xdmp/privileges/xdmp-database-create-sub-database
http://marklogic.com/xdmp/privileges/xdmp-database-create-super-database
http://marklogic.com/xdmp/privileges/xdmp-database-delete-sub-database
http://marklogic.com/xdmp/privileges/xdmp-database-delete-super-database
http://marklogic.com/xdmp/privileges/xdmp-database-incremental-backup
http://marklogic.com/xdmp/privileges/xdmp-database-incremental-backup-validate
http://marklogic.com/xdmp/privileges/xdmp-database-restore
http://marklogic.com/xdmp/privileges/xdmp-database-restore-cancel
http://marklogic.com/xdmp/privileges/xdmp-database-restore-status
http://marklogic.com/xdmp/privileges/xdmp-database-restore-validate
http://marklogic.com/xdmp/privileges/xdmp-default-in-memory-geospatial-region-index-size
http://marklogic.com/xdmp/privileges/xdmp-default-in-memory-limit
http://marklogic.com/xdmp/privileges/xdmp-default-in-memory-list-size
http://marklogic.com/xdmp/privileges/xdmp-default-in-memory-range- index-size
http://marklogic.com/xdmp/privileges/xdmp-default-in-memory-reverse-index-size
http://marklogic.com/xdmp/privileges/xdmp-default-in-memory-tree-size
http://marklogic.com/xdmp/privileges/xdmp-default-in-memory-triple-index-size
http://marklogic.com/xdmp/privileges/xdmp-default-journal-count
http://marklogic.com/xdmp/privileges/xdmp-default-journal-size
http://marklogic.com/xdmp/privileges/xdmp-default-preallocate-journals
http://marklogic.com/xdmp/privileges/xdmp-default-s3-domain
http://marklogic.com/xdmp/privileges/xdmp-delete-cluster-config-file
http://marklogic.com/xdmp/privileges/xdmp-delete-cluster-config-file-assignments
http://marklogic.com/xdmp/privileges/xdmp-delete-cluster-config-file-ca-bundle
http://marklogic.com/xdmp/privileges/xdmp-delete-cluster-config-file-calendars
http://marklogic.com/xdmp/privileges/xdmp-delete-cluster-config-file-clusters
http://marklogic.com/xdmp/privileges/xdmp-delete-cluster-config-file-countries
http://marklogic.com/xdmp/privileges/xdmp-delete-cluster-config-file-databases
http://marklogic.com/xdmp/privileges/xdmp-delete-cluster-config-file-dtfmt-langauges
http://marklogic.com/xdmp/privileges/xdmp-delete-cluster-config-file-groups
http://marklogic.com/xdmp/privileges/xdmp-delete-cluster-config-file-hosts
http://marklogic.com/xdmp/privileges/xdmp-delete-cluster-config-file-keystore
http://marklogic.com/xdmp/privileges/xdmp-delete-cluster-config-file-languages
http://marklogic.com/xdmp/privileges/xdmp-delete-cluster-config-file-mimetypes
http://marklogic.com/xdmp/privileges/xdmp-delete-cluster-config-file-security
http://marklogic.com/xdmp/privileges/xdmp-delete-cluster-config-file-server
http://marklogic.com/xdmp/privileges/xdmp-delete-cluster-config-file-tokenizer
http://marklogic.com/xdmp/privileges/xdmp-delete-cluster-config-file-user-languages
http://marklogic.com/xdmp/privileges/xdmp-delete-host-config-file
http://marklogic.com/xdmp/privileges/xdmp-delete-host-config-file-assignments
http://marklogic.com/xdmp/privileges/xdmp-delete-host-config-file-ca-bundle
http://marklogic.com/xdmp/privileges/xdmp-delete-host-config-file-calendars
http://marklogic.com/xdmp/privileges/xdmp-delete-host-config-file-clusters
http://marklogic.com/xdmp/privileges/xdmp-delete-host-config-file-countries
http://marklogic.com/xdmp/privileges/xdmp-delete-host-config-file-databases
http://marklogic.com/xdmp/privileges/xdmp-delete-host-config-file-dtfmt-langauges
http://marklogic.com/xdmp/privileges/xdmp-delete-host-config-file-groups
http://marklogic.com/xdmp/privileges/xdmp-delete-host-config-file-hosts
http://marklogic.com/xdmp/privileges/xdmp-delete-host-config-file-keystore
http://marklogic.com/xdmp/privileges/xdmp-delete-host-config-file-languages
http://marklogic.com/xdmp/privileges/xdmp-delete-host-config-file-mimetypes
http://marklogic.com/xdmp/privileges/xdmp-delete-host-config-file-security
http://marklogic.com/xdmp/privileges/xdmp-delete-host-config-file-server
http://marklogic.com/xdmp/privileges/xdmp-delete-host-config-file-tokenizer
http://marklogic.com/xdmp/privileges/xdmp-delete-host-config-file-user-languages
http://marklogic.com/xdmp/privileges/xdmp-disable-event
http://marklogic.com/xdmp/privileges/xdmp-document-get
http://marklogic.com/xdmp/privileges/xdmp-document-load
http://marklogic.com/xdmp/privileges/xdmp-email
http://marklogic.com/xdmp/privileges/xdmp-email-address
http://marklogic.com/xdmp/privileges/xdmp-enable-event
http://marklogic.com/xdmp/privileges/xdmp-eval
http://marklogic.com/xdmp/privileges/xdmp-eval-in
http://marklogic.com/xdmp/privileges/xdmp-eval-modules-change
http://marklogic.com/xdmp/privileges/xdmp-eval-modules-change-file
http://marklogic.com/xdmp/privileges/xdmp-eval-transaction
http://marklogic.com/xdmp/privileges/xdmp-expanded-tree-cache-partitions
http://marklogic.com/xdmp/privileges/xdmp-expanded-tree-cache-size
http://marklogic.com/xdmp/privileges/xdmp-external-binary
http://marklogic.com/xdmp/privileges/xdmp-filesystem-directory
http://marklogic.com/xdmp/privileges/xdmp-filesystem-directory-create
http://marklogic.com/xdmp/privileges/xdmp-filesystem-directory-delete
http://marklogic.com/xdmp/privileges/xdmp-filesystem-file
http://marklogic.com/xdmp/privileges/xdmp-filesystem-file-delete
http://marklogic.com/xdmp/privileges/xdmp-filesystem-file-exists
http://marklogic.com/xdmp/privileges/xdmp-filesystem-file-get-time
http://marklogic.com/xdmp/privileges/xdmp-filesystem-file-length
http://marklogic.com/xdmp/privileges/xdmp-forest-backup
http://marklogic.com/xdmp/privileges/xdmp-forest-clear
http://marklogic.com/xdmp/privileges/xdmp-forest-combine
http://marklogic.com/xdmp/privileges/xdmp-forest-copy
http://marklogic.com/xdmp/privileges/xdmp-forest-delete
http://marklogic.com/xdmp/privileges/xdmp-forest-directory-delete
http://marklogic.com/xdmp/privileges/xdmp-forest-directory-exists
http://marklogic.com/xdmp/privileges/xdmp-forest-get-readonly
http://marklogic.com/xdmp/privileges/xdmp-forest-rename
http://marklogic.com/xdmp/privileges/xdmp-forest-restart
http://marklogic.com/xdmp/privileges/xdmp-forest-restore
http://marklogic.com/xdmp/privileges/xdmp-forest-rollback
http://marklogic.com/xdmp/privileges/xdmp-forest-set-readonly
http://marklogic.com/xdmp/privileges/xdmp-get
http://marklogic.com/xdmp/privileges/xdmp-get-forest-keys
http://marklogic.com/xdmp/privileges/xdmp-get-hot-updates
http://marklogic.com/xdmp/privileges/xdmp-get-orphaned-binaries
http://marklogic.com/xdmp/privileges/xdmp-get-server-field
http://marklogic.com/xdmp/privileges/xdmp-get-server-field-names
http://marklogic.com/xdmp/privileges/xdmp-get-session-field
http://marklogic.com/xdmp/privileges/xdmp-get-session-field-names
http://marklogic.com/xdmp/privileges/xdmp-getenv
http://marklogic.com/xdmp/privileges/xdmp-host-cores
http://marklogic.com/xdmp/privileges/xdmp-host-cpus
http://marklogic.com/xdmp/privileges/xdmp-host-size
http://marklogic.com/xdmp/privileges/xdmp-hostname
http://marklogic.com/xdmp/privileges/xdmp-http-get
http://marklogic.com/xdmp/privileges/xdmp-http-head
http://marklogic.com/xdmp/privileges/xdmp-http-options
http://marklogic.com/xdmp/privileges/xdmp-http-delete
http://marklogic.com/xdmp/privileges/xdmp-http-post
http://marklogic.com/xdmp/privileges/xdmp-http-put
http://marklogic.com/xdmp/privileges/xdmp-install-directory
http://marklogic.com/xdmp/privileges/xdmp-invoke
http://marklogic.com/xdmp/privileges/xdmp-invoke-in
http://marklogic.com/xdmp/privileges/xdmp-invoke-modules-change
http://marklogic.com/xdmp/privileges/xdmp-invoke-modules-change-file
http://marklogic.com/xdmp/privileges/xdmp-invoke-transaction
http://marklogic.com/xdmp/privileges/xdmp-license-accepted
http://marklogic.com/xdmp/privileges/xdmp-license-fee
http://marklogic.com/xdmp/privileges/xdmp-license-key
http://marklogic.com/xdmp/privileges/xdmp-license-key-agreement
http://marklogic.com/xdmp/privileges/xdmp-license-key-cores
http://marklogic.com/xdmp/privileges/xdmp-license-key-cpus
http://marklogic.com/xdmp/privileges/xdmp-license-key-decode
http://marklogic.com/xdmp/privileges/xdmp-license-key-encode
http://marklogic.com/xdmp/privileges/xdmp-license-key-expires
http://marklogic.com/xdmp/privileges/xdmp-license-key-options
http://marklogic.com/xdmp/privileges/xdmp-license-key-size
http://marklogic.com/xdmp/privileges/xdmp-license-key-valid
http://marklogic.com/xdmp/privileges/xdmp-licensee
http://marklogic.com/xdmp/privileges/xdmp-list-cache-partitions
http://marklogic.com/xdmp/privileges/xdmp-list-cache-size
http://marklogic.com/xdmp/privileges/xdmp-load
http://marklogic.com/xdmp/privileges/xdmp-login
http://marklogic.com/xdmp/privileges/xdmp-merge
http://marklogic.com/xdmp/privileges/xdmp-merging
http://marklogic.com/xdmp/privileges/xdmp-missing-directories
http://marklogic.com/xdmp/privileges/xdmp-plan
http://marklogic.com/xdmp/privileges/xdmp-pre-release-expires
http://marklogic.com/xdmp/privileges/xdmp-privilege-roles
http://marklogic.com/xdmp/privileges/xdmp-read-cluster-config-file
http://marklogic.com/xdmp/privileges/xdmp-read-cluster-config-file-assignments
http://marklogic.com/xdmp/privileges/xdmp-read-cluster-config-file-assignments-schema
http://marklogic.com/xdmp/privileges/xdmp-read-cluster-config-file-ca-bundle
http://marklogic.com/xdmp/privileges/xdmp-read-cluster-config-file-calendars
http://marklogic.com/xdmp/privileges/xdmp-read-cluster-config-file-clusters
http://marklogic.com/xdmp/privileges/xdmp-read-cluster-config-file-clusters-schema
http://marklogic.com/xdmp/privileges/xdmp-read-cluster-config-file-countries
http://marklogic.com/xdmp/privileges/xdmp-read-cluster-config-file-database-schema
http://marklogic.com/xdmp/privileges/xdmp-read-cluster-config-file-databases
http://marklogic.com/xdmp/privileges/xdmp-read-cluster-config-file-dtfmt-langauges
http://marklogic.com/xdmp/privileges/xdmp-read-cluster-config-file-group-schema
http://marklogic.com/xdmp/privileges/xdmp-read-cluster-config-file-groups
http://marklogic.com/xdmp/privileges/xdmp-read-cluster-config-file-host-schema
http://marklogic.com/xdmp/privileges/xdmp-read-cluster-config-file-hosts
http://marklogic.com/xdmp/privileges/xdmp-read-cluster-config-file-keystore
http://marklogic.com/xdmp/privileges/xdmp-read-cluster-config-file-keystore-schema
http://marklogic.com/xdmp/privileges/xdmp-read-cluster-config-file-languages
http://marklogic.com/xdmp/privileges/xdmp-read-cluster-config-file-mimetypes
http://marklogic.com/xdmp/privileges/xdmp-read-cluster-config-file-mimetypes-schema
http://marklogic.com/xdmp/privileges/xdmp-read-cluster-config-file-security
http://marklogic.com/xdmp/privileges/xdmp-read-cluster-config-file-server
http://marklogic.com/xdmp/privileges/xdmp-read-cluster-config-file-tokenizer
http://marklogic.com/xdmp/privileges/xdmp-read-cluster-config-file-user-languages
http://marklogic.com/xdmp/privileges/xdmp-read-host-config-file
http://marklogic.com/xdmp/privileges/xdmp-read-host-config-file-assignments
http://marklogic.com/xdmp/privileges/xdmp-read-host-config-file-ca-bundle
http://marklogic.com/xdmp/privileges/xdmp-read-host-config-file-calendars
http://marklogic.com/xdmp/privileges/xdmp-read-host-config-file-clusters
http://marklogic.com/xdmp/privileges/xdmp-read-host-config-file-countries
http://marklogic.com/xdmp/privileges/xdmp-read-host-config-file-databases
http://marklogic.com/xdmp/privileges/xdmp-read-host-config-file-dtfmt-langauges
http://marklogic.com/xdmp/privileges/xdmp-read-host-config-file-groups
http://marklogic.com/xdmp/privileges/xdmp-read-host-config-file-hosts
http://marklogic.com/xdmp/privileges/xdmp-read-host-config-file-keystore
http://marklogic.com/xdmp/privileges/xdmp-read-host-config-file-languages
http://marklogic.com/xdmp/privileges/xdmp-read-host-config-file-mimetypes
http://marklogic.com/xdmp/privileges/xdmp-read-host-config-file-security
http://marklogic.com/xdmp/privileges/xdmp-read-host-config-file-server
http://marklogic.com/xdmp/privileges/xdmp-read-host-config-file-tokenizer
http://marklogic.com/xdmp/privileges/xdmp-read-host-config-file-user-languages
http://marklogic.com/xdmp/privileges/xdmp-remove-orphaned-binary
http://marklogic.com/xdmp/privileges/xdmp-restart
http://marklogic.com/xdmp/privileges/xdmp-role-roles
http://marklogic.com/xdmp/privileges/xdmp-rotate-log-files
http://marklogic.com/xdmp/privileges/xdmp-save
http://marklogic.com/xdmp/privileges/xdmp-server-backup
http://marklogic.com/xdmp/privileges/xdmp-server-import-qualities
http://marklogic.com/xdmp/privileges/xdmp-server-restore
http://marklogic.com/xdmp/privileges/xdmp-set-current-transaction
http://marklogic.com/xdmp/privileges/xdmp-set-hot-updates
http://marklogic.com/xdmp/privileges/xdmp-set-request-time-limit
http://marklogic.com/xdmp/privileges/xdmp-set-server-field
http://marklogic.com/xdmp/privileges/xdmp-set-server-field-privilege
http://marklogic.com/xdmp/privileges/xdmp-set-session-field
http://marklogic.com/xdmp/privileges/xdmp-shutdown
http://marklogic.com/xdmp/privileges/xdmp-sleep
http://marklogic.com/xdmp/privileges/xdmp-smtp-relay
http://marklogic.com/xdmp/privileges/xdmp-spawn
http://marklogic.com/xdmp/privileges/xdmp-spawn-in
http://marklogic.com/xdmp/privileges/xdmp-spawn-modules-change
http://marklogic.com/xdmp/privileges/xdmp-spawn-modules-change-file
http://marklogic.com/xdmp/privileges/xdmp-spawn-transaction
http://marklogic.com/xdmp/privileges/xdmp-sql
http://marklogic.com/xdmp/privileges/xdmp-timestamp
http://marklogic.com/xdmp/privileges/xdmp-transaction-create
http://marklogic.com/xdmp/privileges/xdmp-transaction-create-xid
http://marklogic.com/xdmp/privileges/xdmp-triple-cache-partitions
http://marklogic.com/xdmp/privileges/xdmp-triple-cache-size
http://marklogic.com/xdmp/privileges/xdmp-triple-value-cache-partitions
http://marklogic.com/xdmp/privileges/xdmp-triple-value-cache-size
http://marklogic.com/xdmp/privileges/xdmp-user-last-login
http://marklogic.com/xdmp/privileges/xdmp-user-roles
http://marklogic.com/xdmp/privileges/xdmp-username
http://marklogic.com/xdmp/privileges/xdmp-value
http://marklogic.com/xdmp/privileges/xdmp-with-namespace
http://marklogic.com/xdmp/privileges/xdmp-write-cluster-config-file
http://marklogic.com/xdmp/privileges/xdmp-write-cluster-config-file-assignments
http://marklogic.com/xdmp/privileges/xdmp-write-cluster-config-file-ca-bundle
http://marklogic.com/xdmp/privileges/xdmp-write-cluster-config-file-calendars
http://marklogic.com/xdmp/privileges/xdmp-write-cluster-config-file-clusters
http://marklogic.com/xdmp/privileges/xdmp-write-cluster-config-file-countries
http://marklogic.com/xdmp/privileges/xdmp-write-cluster-config-file-databases
http://marklogic.com/xdmp/privileges/xdmp-write-cluster-config-file-dtfmt-langauges
http://marklogic.com/xdmp/privileges/xdmp-write-cluster-config-file-groups
http://marklogic.com/xdmp/privileges/xdmp-write-cluster-config-file-hosts
http://marklogic.com/xdmp/privileges/xdmp-write-cluster-config-file-keystore
http://marklogic.com/xdmp/privileges/xdmp-write-cluster-config-file-languages
http://marklogic.com/xdmp/privileges/xdmp-write-cluster-config-file-mimetypes
http://marklogic.com/xdmp/privileges/xdmp-write-cluster-config-file-security
http://marklogic.com/xdmp/privileges/xdmp-write-cluster-config-file-server
http://marklogic.com/xdmp/privileges/xdmp-write-cluster-config-file-tokenizer
http://marklogic.com/xdmp/privileges/xdmp-write-cluster-config-file-user-languages
http://marklogic.com/xdmp/privileges/xdmp-write-host-config-file
http://marklogic.com/xdmp/privileges/xdmp-write-host-config-file-assignments
http://marklogic.com/xdmp/privileges/xdmp-write-host-config-file-ca-bundle
http://marklogic.com/xdmp/privileges/xdmp-write-host-config-file-calendars
http://marklogic.com/xdmp/privileges/xdmp-write-host-config-file-clusters
http://marklogic.com/xdmp/privileges/xdmp-write-host-config-file-countries
http://marklogic.com/xdmp/privileges/xdmp-write-host-config-file-databases
http://marklogic.com/xdmp/privileges/xdmp-write-host-config-file-dtfmt-langauges
http://marklogic.com/xdmp/privileges/xdmp-write-host-config-file-groups
http://marklogic.com/xdmp/privileges/xdmp-write-host-config-file-hosts
http://marklogic.com/xdmp/privileges/xdmp-write-host-config-file-keystore
http://marklogic.com/xdmp/privileges/xdmp-write-host-config-file-languages
http://marklogic.com/xdmp/privileges/xdmp-write-host-config-file-mimetypes
http://marklogic.com/xdmp/privileges/xdmp-write-host-config-file-security
http://marklogic.com/xdmp/privileges/xdmp-write-host-config-file-server
http://marklogic.com/xdmp/privileges/xdmp-write-host-config-file-tokenizer
http://marklogic.com/xdmp/privileges/xdmp-write-host-config-file-user-languages
http://marklogic.com/xdmp/privileges/xdmp-xslt-eval
http://marklogic.com/xdmp/privileges/xdmp-xslt-eval-in
http://marklogic.com/xdmp/privileges/xdmp-xslt-eval-modules-change
http://marklogic.com/xdmp/privileges/xdmp-xslt-eval-modules-change-file
http://marklogic.com/xdmp/privileges/xdmp-xslt-eval-transaction
http://marklogic.com/xdmp/privileges/xdmp-xslt-invoke
http://marklogic.com/xdmp/privileges/xdmp-xslt-invoke-in
http://marklogic.com/xdmp/privileges/xdmp-xslt-invoke-modules-change
http://marklogic.com/xdmp/privileges/xdmp-xslt-invoke-modules-change-file
http://marklogic.com/xdmp/privileges/xdmp-xslt-invoke-transaction